Microsoft Windows [Version 10.0.26100.4652]
(c) Microsoft Corporation. All rights reserved.

C:\Users\FARHA S K>ipconfig

Windows IP Configuration


Wireless LAN adapter Local Area Connection* 1:

   Media State . . . . . . . . . . . : Media disconnected
   Connection-specific DNS Suffix  . :

Wireless LAN adapter Local Area Connection* 2:

   Media State . . . . . . . . . . . : Media disconnected
   Connection-specific DNS Suffix  . :

Wireless LAN adapter Wi-Fi:

   Connection-specific DNS Suffix  . :
   IPv6 Address. . . . . . . . . . . : 2401:4900:93cd:4744:5497:8c7f:9d84:8db4
   Temporary IPv6 Address. . . . . . : 2401:4900:93cd:4744:7de6:5e9c:f753:ce7e
   Link-local IPv6 Address . . . . . : fe80::89c4:2a95:46ea:fd8c%2
   IPv4 Address. . . . . . . . . . . : 192.168.108.78
   Subnet Mask . . . . . . . . . . . : 255.255.255.0
   Default Gateway . . . . . . . . . : fe80::4061:d8ff:feb3:5961%2
                                       192.168.108.225

C:\Users\FARHA S K>nmap -sS  192.168.108.78
Starting Nmap 7.97 ( https://nmap.org ) at 2025-08-12 21:22 +0530
Nmap scan report for 192.168.108.78
Host is up (0.00024s latency).
Not shown: 997 closed tcp ports (reset)
PORT    STATE SERVICE
135/tcp open  msrpc
139/tcp open  netbios-ssn
445/tcp open  microsoft-ds

Nmap done: 1 IP address (1 host up) scanned in 0.77 seconds

C:\Users\FARHA S K>nmap -sS -sV -oN nmap_scan_results.txt 192.168.108.78/24
Starting Nmap 7.97 ( https://nmap.org ) at 2025-08-12 21:24 +0530
Nmap scan report for 192.168.108.225
Host is up (0.0051s latency).
Not shown: 999 closed tcp ports (reset)
PORT   STATE SERVICE VERSION
53/tcp open  domain  dnsmasq 2.51
MAC Address: 42:61:D8:B3:59:61 (Unknown)

Nmap scan report for 192.168.108.78
Host is up (0.0011s latency).
Not shown: 997 closed tcp ports (reset)
PORT    STATE SERVICE       VERSION
135/tcp open  msrpc         Microsoft Windows RPC
139/tcp open  netbios-ssn   Microsoft Windows netbios-ssn
445/tcp open  microsoft-ds?
Service Info: OS: Windows; CPE: cpe:/o:microsoft:windows

Service detection performed. Please report any incorrect results at https://nmap.org/submit/ .
Nmap done: 256 IP addresses (2 hosts up) scanned in 73.13 seconds

C:\Users\FARHA S K>nmap -p 445 --open 192.168.108.78/24 -oN smb_scan_results.txt
Starting Nmap 7.97 ( https://nmap.org ) at 2025-08-12 21:27 +0530
Nmap scan report for 192.168.108.78
Host is up (0.0020s latency).

PORT    STATE SERVICE
445/tcp open  microsoft-ds

Nmap done: 256 IP addresses (2 hosts up) scanned in 59.92 seconds

C:\Users\FARHA S K>nmap -p 445 --script smb-vuln* 192.168.108.78/24 -oN smb_vuln_scan.txt
Starting Nmap 7.97 ( https://nmap.org ) at 2025-08-12 21:33 +0530
Nmap scan report for 192.168.108.225
Host is up (0.013s latency).

PORT    STATE  SERVICE
445/tcp closed microsoft-ds
MAC Address: 42:61:D8:B3:59:61 (Unknown)

Nmap scan report for 192.168.108.78
Host is up (0.0010s latency).

PORT    STATE SERVICE
445/tcp open  microsoft-ds

Host script results:
|_smb-vuln-ms10-054: false
|_smb-vuln-ms10-061: Could not negotiate a connection:SMB: Failed to receive bytes: ERROR

Nmap done: 256 IP addresses (2 hosts up) scanned in 70.84 seconds

C:\Users\FARHA S K>
